###############################################################################
#
# IAR ELF Linker V8.11.3.13950/W32 for ARM                04/Dec/2022  17:23:23
# Copyright 2007-2017 IAR Systems AB.
#
#    Output file  =  C:\Lab4\Debug\Exe\lab4_task1.out
#    Map file     =  C:\Lab4\Debug\List\lab4_task1.map
#    Command line =  
#        -f C:\Users\deseo\AppData\Local\Temp\EWA993.tmp
#        (C:\Lab4\Debug\Obj\cstartup_M.o C:\Lab4\Debug\Obj\lab4_task1.o
#        C:\Lab4\Debug\Obj\Lab4_Task1_Inits.o
#        C:\Lab4\Debug\Obj\SSD2119_Display.o C:\Lab4\Debug\Obj\SSD2119_Touch.o
#        -o C:\Lab4\Debug\Exe\lab4_task1.out --map
#        C:\Lab4\Debug\List\lab4_task1.map --config "C:\Program Files (x86)\IAR
#        Systems\Embedded Workbench
#        8.0\arm\config\linker\TexasInstruments\TM4C1294NC.icf" --semihosting
#        --entry __iar_program_start --vfe --text_out locale)
#
###############################################################################

*******************************************************************************
*** RUNTIME MODEL ATTRIBUTES
***

CppFlavor       = *
__SystemLibrary = DLib
__dlib_version  = 6


*******************************************************************************
*** HEAP SELECTION
***

The basic heap was selected because some modules are built with
size limitations (and not runtime checking), and --advanced_heap
was not specified.


*******************************************************************************
*** PLACEMENT SUMMARY
***

"A0":  place at 0x00000000 { ro section .intvec };
"P1":  place in [from 0x00000000 to 0x000fffff] { ro };
define block CSTACK with size = 32K, alignment = 8 { };
define block HEAP with size = 64K, alignment = 8 { };
"P2":  place in [from 0x20000000 to 0x2003ffff] {
          rw, block CSTACK, block HEAP };
initialize by copy { rw };

  Section            Kind        Address    Size  Object
  -------            ----        -------    ----  ------
"A0":                                      0x208
  .intvec            const    0x00000000   0x208  cstartup_M.o [1]
                            - 0x00000208   0x208

"P1":                                     0x3148
  .text              ro code  0x00000208   0xc22  xprintflarge_nomb.o [3]
  .text              ro code  0x00000e2a     0x2  cstartup_M.o [1]
  .text              ro code  0x00000e2c    0x16  strchr.o [5]
  .text              ro code  0x00000e42     0x2  cstartup_M.o [1]
  .text              ro code  0x00000e44    0x44  xfail_s.o [3]
  .text              ro code  0x00000e88    0x36  strlen.o [5]
  .text              ro code  0x00000ebe     0x2  cstartup_M.o [1]
  .text              ro code  0x00000ec0    0x58  memchr.o [5]
  .text              ro code  0x00000f18    0xee  I64DivMod.o [5]
  .text              ro code  0x00001006     0x2  cstartup_M.o [1]
  .text              ro code  0x00001008   0x1a2  DblMul.o [4]
  .text              ro code  0x000011aa     0x2  cstartup_M.o [1]
  .text              ro code  0x000011ac    0x76  ABImemcpy_unaligned.o [5]
  .text              ro code  0x00001222     0x2  cstartup_M.o [1]
  .text              ro code  0x00001224    0x70  frexp.o [4]
  .text              ro code  0x00001294    0x2e  DblCmpLe.o [4]
  .text              ro code  0x000012c2     0x2  cstartup_M.o [1]
  .text              ro code  0x000012c4   0x246  DblDiv.o [4]
  .text              ro code  0x0000150a     0x2  cstartup_M.o [1]
  .text              ro code  0x0000150c    0x28  DblToU32.o [4]
  .text              ro code  0x00001534    0x1a  U32ToDbl.o [4]
  .text              ro code  0x0000154e     0x2  cstartup_M.o [1]
  .text              ro code  0x00001550    0xe2  DblSub.o [4]
  .text              ro code  0x00001632     0x6  abort.o [3]
  .text              ro code  0x00001638     0x2  I64DivZer.o [5]
  .text              ro code  0x0000163c   0x178  DblAdd.o [4]
  .text              ro code  0x000017b4    0x14  exit.o [6]
  .text              ro code  0x000017c8    0x68  iarttio.o [6]
  .text              ro code  0x00001830     0x8  XShttio.o [3]
  .text              ro code  0x00001838   0xbe4  SSD2119_Display.o [1]
  .text              ro code  0x0000241c   0x424  Lab4_Task1_Inits.o [1]
  .text              ro code  0x00002840   0x3c4  SSD2119_Touch.o [1]
  .text              ro code  0x00002c04   0x270  lab4_task1.o [1]
  .text              ro code  0x00002e74    0x48  FltToDbl.o [4]
  .text              ro code  0x00002ebc    0x28  printf.o [3]
  .text              ro code  0x00002ee4    0x68  DblToFlt.o [4]
  .rodata            const    0x00002f4c   0x1e0  SSD2119_Display.o [1]
  .text              ro code  0x0000312c    0x38  packbits_init_single.o [5]
  .text              ro code  0x00003164    0x28  data_init.o [5]
  .text              ro code  0x0000318c    0x22  fpinit_M.o [4]
  .text              ro code  0x000031ae    0x22  iarwrite.o [6]
  .iar.init_table    const    0x000031d0    0x10  - Linker created -
  .rodata            const    0x000031e0    0x20  lab4_task1.o [1]
  .rodata            const    0x00003200    0x20  SSD2119_Display.o [1]
  .text              ro code  0x00003220    0x20  putchar.o [3]
  .text              ro code  0x00003240    0x10  write.o [6]
  .text              ro code  0x00003250    0x1e  dwrite.o [6]
  .text              ro code  0x0000326e    0x20  iarwstd.o [6]
  .rodata            const    0x00003290    0x1c  lab4_task1.o [1]
  .text              ro code  0x000032ac    0x1a  cmain.o [5]
  .text              ro code  0x000032c6     0x4  low_level_init.o [3]
  .text              ro code  0x000032ca     0x4  exit.o [3]
  .text              ro code  0x000032d0     0xa  cexit.o [5]
  .text              ro code  0x000032da    0x16  xprout.o [3]
  .rodata            const    0x000032f0    0x14  lab4_task1.o [1]
  .rodata            const    0x00003304    0x14  lab4_task1.o [1]
  .text              ro code  0x00003318    0x10  cstartup_M.o [1]
  .rodata            const    0x00003328     0xc  lab4_task1.o [1]
  .rodata            const    0x00003334     0x8  lab4_task1.o [1]
  .rodata            const    0x0000333c     0x8  lab4_task1.o [1]
  .rodata            const    0x00003344     0x8  SSD2119_Display.o [1]
  .rodata            const    0x0000334c     0x0  packbits_init_single.o [5]
  Initializer bytes  const    0x0000334c     0x4  <for P2-1>
                            - 0x00003350  0x3148

"P2", part 1 of 2:                          0x29
  P2-1                        0x20000000    0x29  <Init block>
    .data            inited   0x20000000     0x8  XShttio.o [3]
    .bss             inited   0x20000008     0x4  lab4_task1.o [1]
    .bss             inited   0x2000000c     0x4  lab4_task1.o [1]
    .bss             inited   0x20000010     0x4  lab4_task1.o [1]
    .bss             inited   0x20000014     0x4  lab4_task1.o [1]
    .bss             inited   0x20000018     0x4  lab4_task1.o [1]
    .bss             inited   0x2000001c     0x4  xfail_s.o [3]
    .bss             inited   0x20000020     0x2  Lab4_Task1_Inits.o [1]
    .bss             inited   0x20000022     0x2  SSD2119_Display.o [1]
    .bss             inited   0x20000024     0x2  SSD2119_Display.o [1]
    .bss             inited   0x20000026     0x2  SSD2119_Display.o [1]
    .bss             inited   0x20000028     0x1  lab4_task1.o [1]
                            - 0x20000029    0x29

"P2", part 2 of 2:                        0x8000
  CSTACK                      0x20000030  0x8000  <Block>
    CSTACK           uninit   0x20000030  0x8000  <Block tail>
                            - 0x20008030  0x8000


*******************************************************************************
*** INIT TABLE
***

          Address     Size
          -------     ----
Copy/packbits (__iar_packbits_init_single3)
    1 source range, total size 0x4 (9% of destination):
          0x0000334c   0x4
    1 destination range, total size 0x29:
          0x20000000  0x29



*******************************************************************************
*** MODULE SUMMARY
***

    Module                  ro code  ro data  rw data
    ------                  -------  -------  -------
C:\Lab4\Debug\Obj: [1]
    Lab4_Task1_Inits.o        1 060                 2
    SSD2119_Display.o         3 044      520        6
    SSD2119_Touch.o             964
    cstartup_M.o                 34      520
    lab4_task1.o                624      131       21
    -------------------------------------------------
    Total:                    5 726    1 171       29

command line: [2]
    -------------------------------------------------
    Total:

dl7M_tln.a: [3]
    XShttio.o                     8                 8
    abort.o                       6
    exit.o                        4
    low_level_init.o              4
    printf.o                     40
    putchar.o                    32
    xfail_s.o                    68        1        4
    xprintflarge_nomb.o       3 106
    xprout.o                     22
    -------------------------------------------------
    Total:                    3 290        1       12

m7M_tls.a: [4]
    DblAdd.o                    376
    DblCmpLe.o                   46
    DblDiv.o                    582
    DblMul.o                    418
    DblSub.o                    226
    DblToFlt.o                  104
    DblToU32.o                   40
    FltToDbl.o                   72
    U32ToDbl.o                   26
    fpinit_M.o                   34
    frexp.o                     112
    -------------------------------------------------
    Total:                    2 036

rt7M_tl.a: [5]
    ABImemcpy_unaligned.o       118
    I64DivMod.o                 238
    I64DivZer.o                   2
    cexit.o                      10
    cmain.o                      26
    data_init.o                  40
    memchr.o                     88
    packbits_init_single.o       56
    strchr.o                     22
    strlen.o                     54
    -------------------------------------------------
    Total:                      654

shb_l.a: [6]
    dwrite.o                     30
    exit.o                       20
    iarttio.o                   104
    iarwrite.o                   34
    iarwstd.o                    32
    write.o                      16
    -------------------------------------------------
    Total:                      236

    Gaps                          4        2
    Linker created                        16   32 768
-----------------------------------------------------
    Grand Total:             11 946    1 190   32 809


*******************************************************************************
*** ENTRY LIST
***

Entry                      Address   Size  Type      Object
-----                      -------   ----  ----      ------
.iar.init_table$$Base   0x000031d0          --   Gb  - Linker created -
.iar.init_table$$Limit  0x000031e0          --   Gb  - Linker created -
?main                   0x000032ad         Code  Gb  cmain.o [5]
ADC0SS3_Handler         0x00002d7d   0x10  Code  Gb  lab4_task1.o [1]
ADCReadPot_Init         0x0000261b  0x118  Code  Gb  Lab4_Task1_Inits.o [1]
ADC_Init                0x000028af   0x96  Code  Lc  SSD2119_Touch.o [1]
ADC_Read                0x00002945   0x1e  Code  Lc  SSD2119_Touch.o [1]
ADC_SetChannel          0x00002963   0x32  Code  Lc  SSD2119_Touch.o [1]
ADC_value               0x20000008    0x4  Data  Gb  lab4_task1.o [1]
ASCII                   0x00002f4c  0x1e0  Data  Lc  SSD2119_Display.o [1]
CSTACK$$Base            0x20000030          --   Gb  - Linker created -
CSTACK$$Limit           0x20008030          --   Gb  - Linker created -
Color4                  0x00003200   0x20  Data  Gb  SSD2119_Display.o [1]
LCD_DrawFilledRect      0x000023a5   0x60  Code  Gb  SSD2119_Display.o [1]
LCD_DrawPixel           0x00002371   0x34  Code  Gb  SSD2119_Display.o [1]
LCD_GPIOInit            0x00001839  0x19c  Code  Lc  SSD2119_Display.o [1]
LCD_Goto                0x00001f89   0x2a  Code  Gb  SSD2119_Display.o [1]
LCD_Init                0x00001ccd  0x1a2  Code  Gb  SSD2119_Display.o [1]
LCD_PrintBinary         0x00002165   0x8c  Code  Gb  SSD2119_Display.o [1]
LCD_PrintChar           0x00001e8f   0xd0  Code  Gb  SSD2119_Display.o [1]
LCD_PrintFloat          0x000021f1   0xee  Code  Gb  SSD2119_Display.o [1]
LCD_PrintHex            0x000020f5   0x70  Code  Gb  SSD2119_Display.o [1]
LCD_PrintInteger        0x00002095   0x60  Code  Gb  SSD2119_Display.o [1]
LCD_PrintString         0x00001f5f   0x1c  Code  Gb  SSD2119_Display.o [1]
LCD_Printf              0x00001fc7   0xce  Code  Gb  SSD2119_Display.o [1]
LCD_SetCursor           0x00001f7b    0xe  Code  Gb  SSD2119_Display.o [1]
LCD_SetTextColor        0x00001fb3   0x14  Code  Gb  SSD2119_Display.o [1]
LCD_WriteCommand        0x000019d5  0x15a  Code  Lc  SSD2119_Display.o [1]
LCD_WriteData           0x00001b2f  0x19e  Code  Lc  SSD2119_Display.o [1]
LoadInt                 0x0000039f   0x7a  Code  Lc  xprintflarge_nomb.o [3]
PLL_Init                0x0000241d  0x17a  Code  Gb  Lab4_Task1_Inits.o [1]
PortJ_Handler           0x00002d8d   0x78  Code  Gb  lab4_task1.o [1]
Region$$Table$$Base     0x000031d0          --   Gb  - Linker created -
Region$$Table$$Limit    0x000031e0          --   Gb  - Linker created -
Switch_Init             0x00002597   0x84  Code  Gb  Lab4_Task1_Inits.o [1]
TimerADCTriger_Init     0x00002733   0x62  Code  Gb  Lab4_Task1_Inits.o [1]
Touch_Init              0x00002841   0x6e  Code  Gb  SSD2119_Touch.o [1]
Touch_ReadX             0x00002a8b   0xf6  Code  Gb  SSD2119_Touch.o [1]
Touch_ReadY             0x00002995   0xf6  Code  Gb  SSD2119_Touch.o [1]
_GenldLargeNoMb         0x00000b65  0x232  Code  Lc  xprintflarge_nomb.o [3]
_LdtobLargeNoMb         0x000008df  0x260  Code  Lc  xprintflarge_nomb.o [3]
_LitobLargeNoMb         0x00000783  0x116  Code  Lc  xprintflarge_nomb.o [3]
_PrintfLargeNoMb        0x00000209  0x190  Code  Gb  xprintflarge_nomb.o [3]
_Prout                  0x000032db   0x16  Code  Gb  xprout.o [3]
_PutcharsLargeNoMb      0x00000d97   0x2e  Code  Lc  xprintflarge_nomb.o [3]
_PutfldLargeNoMb        0x00000419  0x25c  Code  Lc  xprintflarge_nomb.o [3]
_PuttxtLargeNoMb        0x00000675  0x10e  Code  Lc  xprintflarge_nomb.o [3]
__aeabi_cdcmple         0x00001295         Code  Gb  DblCmpLe.o [4]
__aeabi_d2f             0x00002ee5         Code  Gb  DblToFlt.o [4]
__aeabi_d2uiz           0x0000150d         Code  Gb  DblToU32.o [4]
__aeabi_dadd            0x0000163d         Code  Gb  DblAdd.o [4]
__aeabi_ddiv            0x000012c5         Code  Gb  DblDiv.o [4]
__aeabi_dmul            0x00001009         Code  Gb  DblMul.o [4]
__aeabi_dsub            0x00001551         Code  Gb  DblSub.o [4]
__aeabi_f2d             0x00002e75         Code  Gb  FltToDbl.o [4]
__aeabi_ldiv0           0x00001639         Code  Gb  I64DivZer.o [5]
__aeabi_ui2d            0x00001535         Code  Gb  U32ToDbl.o [4]
__aeabi_uldivmod        0x00000f19         Code  Gb  I64DivMod.o [5]
__cmain                 0x000032ad         Code  Gb  cmain.o [5]
__dwrite                0x00003251   0x1e  Code  Gb  dwrite.o [6]
__exit                  0x000017b5   0x14  Code  Gb  exit.o [6]
__iar_Fail_s            0x00000e45   0x1e  Code  Gb  xfail_s.o [3]
__iar_Memchr            0x00000ec1         Code  Gb  memchr.o [5]
__iar_Strchr            0x00000e2d         Code  Gb  strchr.o [5]
__iar_close_ttio        0x000017c9   0x2c  Code  Gb  iarttio.o [6]
__iar_dadd              0x00001561         Code  Gb  DblSub.o [4]
__iar_data_init3        0x00003165   0x28  Code  Gb  data_init.o [5]
__iar_dsub              0x0000164d         Code  Gb  DblAdd.o [4]
__iar_dsubStart         0x0000165f         Code  Gb  DblAdd.o [4]
__iar_frexp             0x00001231         Code  Gb  frexp.o [4]
__iar_frexpl            0x00001231         Code  Gb  frexp.o [4]
__iar_get_ttio          0x000017f5   0x38  Code  Gb  iarttio.o [6]
__iar_init_vfp          0x0000318d         Code  Gb  fpinit_M.o [4]
__iar_lookup_ttioh      0x00001831    0x8  Code  Gb  XShttio.o [3]
__iar_packbits_init_single3
                        0x0000312d   0x38  Code  Gb  packbits_init_single.o [5]
__iar_program_start     0x00003319   0x10  Code  Gb  cstartup_M.o [1]
__iar_sh_stdout         0x0000326f   0x20  Code  Gb  iarwstd.o [6]
__iar_sh_write          0x000031af   0x22  Code  Gb  iarwrite.o [6]
__iar_softfp___iar_frexp64
                        0x00001225         Code  Gb  frexp.o [4]
__iar_softfp_frexp      0x00001225         Code  Gb  frexp.o [4]
__iar_softfp_frexpl     0x00001225         Code  Gb  frexp.o [4]
__iar_systems$$module {Abs}
                        0x00000001         Data  Gb  command line/config [2]
__iar_ttio_handles      0x20000000    0x8  Data  Lc  XShttio.o [3]
__iar_unaligned_memcpy  0x000011ad         Code  Gb  ABImemcpy_unaligned.o [5]
__iar_unaligned_memcpy4
                        0x000011cd         Code  Gb  ABImemcpy_unaligned.o [5]
__iar_unaligned_memcpy8
                        0x000011cd         Code  Gb  ABImemcpy_unaligned.o [5]
__low_level_init        0x000032c7    0x4  Code  Gb  low_level_init.o [3]
__vector_table          0x00000000  0x208  Data  Gb  cstartup_M.o [1]
__write                 0x00003241   0x10  Code  Gb  write.o [6]
_call_main              0x000032b9         Code  Gb  cmain.o [5]
_exit                   0x000032d1         Code  Gb  cexit.o [5]
_main                   0x000032c3         Code  Gb  cmain.o [5]
abort                   0x00001633    0x6  Code  Gb  abort.o [3]
convertColor            0x00001e6f   0x20  Code  Gb  SSD2119_Display.o [1]
cursorX                 0x20000022    0x2  Data  Gb  SSD2119_Display.o [1]
cursorY                 0x20000024    0x2  Data  Gb  SSD2119_Display.o [1]
delay                   0x20000020    0x2  Data  Lc  Lab4_Task1_Inits.o [1]
exit                    0x000032cb    0x4  Code  Gb  exit.o [3]
freq                    0x20000028    0x1  Data  Gb  lab4_task1.o [1]
main                    0x00002c05  0x178  Code  Gb  lab4_task1.o [1]
memchr                  0x00000ec1         Code  Gb  memchr.o [5]
printf                  0x00002ebd   0x28  Code  Gb  printf.o [3]
putchar                 0x00003221   0x20  Code  Gb  putchar.o [3]
scale                   0x00000899   0x46  Code  Lc  xprintflarge_nomb.o [3]
sec_hand                0x2000001c    0x4  Data  Lc  xfail_s.o [3]
strchr                  0x00000e2d         Code  Gb  strchr.o [5]
strlen                  0x00000e89         Code  Gb  strlen.o [5]
temp_C                  0x2000000c    0x4  Data  Gb  lab4_task1.o [1]
temp_F                  0x20000010    0x4  Data  Gb  lab4_task1.o [1]
textColor               0x20000026    0x2  Data  Gb  SSD2119_Display.o [1]
touchVal_X              0x20000014    0x4  Data  Gb  lab4_task1.o [1]
touchVal_Y              0x20000018    0x4  Data  Gb  lab4_task1.o [1]


[1] = C:\Lab4\Debug\Obj
[2] = command line
[3] = dl7M_tln.a
[4] = m7M_tls.a
[5] = rt7M_tl.a
[6] = shb_l.a

  11 946 bytes of readonly  code memory
   1 190 bytes of readonly  data memory
  32 809 bytes of readwrite data memory

Errors: none
Warnings: none
