###############################################################################
#
# IAR ELF Linker V8.11.3.13950/W32 for ARM                04/Dec/2022  12:45:05
# Copyright 2007-2017 IAR Systems AB.
#
#    Output file  =  C:\Lab4\Debug\Exe\lab4_task2a.out
#    Map file     =  C:\Lab4\Debug\List\lab4_task2a.map
#    Command line =  
#        -f C:\Users\deseo\AppData\Local\Temp\EWE16D.tmp
#        (C:\Lab4\Debug\Obj\lab4_task2a.o C:\Lab4\Debug\Obj\lab4_task2a_Init.o
#        C:\Lab4\Debug\Obj\SSD2119_Display.o C:\Lab4\Debug\Obj\SSD2119_Touch.o
#        C:\Lab4\Debug\Obj\traffic_BM.o -o C:\Lab4\Debug\Exe\lab4_task2a.out
#        --map C:\Lab4\Debug\List\lab4_task2a.map --config "C:\Program Files
#        (x86)\IAR Systems\Embedded Workbench
#        8.0\arm\config\linker\TexasInstruments\TM4C1294NC.icf" --semihosting
#        --entry __iar_program_start --vfe --text_out locale)
#
###############################################################################

*******************************************************************************
*** RUNTIME MODEL ATTRIBUTES
***

CppFlavor       = *
__SystemLibrary = DLib
__dlib_version  = 6


*******************************************************************************
*** HEAP SELECTION
***

The basic heap was selected because some modules are built with
size limitations (and not runtime checking), and --advanced_heap
was not specified.


*******************************************************************************
*** PLACEMENT SUMMARY
***

"A0":  place at 0x00000000 { ro section .intvec };
"P1":  place in [from 0x00000000 to 0x000fffff] { ro };
define block CSTACK with size = 32K, alignment = 8 { };
define block HEAP with size = 64K, alignment = 8 { };
"P2":  place in [from 0x20000000 to 0x2003ffff] {
          rw, block CSTACK, block HEAP };

  Section          Kind        Address    Size  Object
  -------          ----        -------    ----  ------
"A0":                                     0x40
  .intvec          ro code  0x00000000    0x40  vector_table_M.o [5]
                          - 0x00000040    0x40

"P1":                                    0xce8
  .text            ro code  0x00000040   0x89c  SSD2119_Display.o [1]
  .text            ro code  0x000008dc   0x170  lab4_task2a_Init.o [1]
  .text            ro code  0x00000a4c   0x148  SSD2119_Touch.o [1]
  .text            ro code  0x00000b94    0x84  lab4_task2a.o [1]
  .text            ro code  0x00000c18    0x40  zero_init3.o [5]
  .text            ro code  0x00000c58    0x28  data_init.o [5]
  .text            ro code  0x00000c80    0x22  fpinit_M.o [4]
  .iar.init_table  const    0x00000ca4    0x10  - Linker created -
  .text            ro code  0x00000cb4     0x2  vector_table_M.o [5]
  .rodata          const    0x00000cb8    0x20  SSD2119_Display.o [1]
  .text            ro code  0x00000cd8    0x1a  cmain.o [5]
  .text            ro code  0x00000cf2     0x4  low_level_init.o [3]
  .text            ro code  0x00000cf6     0x4  exit.o [3]
  .text            ro code  0x00000cfc     0xa  cexit.o [5]
  .text            ro code  0x00000d08    0x14  exit.o [6]
  .text            ro code  0x00000d1c     0xc  cstartup_M.o [5]
  .rodata          const    0x00000d28     0x0  zero_init3.o [5]
                          - 0x00000d28   0xce8

"P2", part 1 of 2:                         0x8
  .bss             zero     0x20000000     0x2  SSD2119_Display.o [1]
  .bss             zero     0x20000002     0x2  SSD2119_Display.o [1]
  .bss             zero     0x20000004     0x2  SSD2119_Display.o [1]
  .bss             zero     0x20000006     0x1  lab4_task2a.o [1]
                          - 0x20000007     0x7

"P2", part 2 of 2:                      0x8000
  CSTACK                    0x20000008  0x8000  <Block>
    CSTACK         uninit   0x20000008  0x8000  <Block tail>
                          - 0x20008008  0x8000


*******************************************************************************
*** INIT TABLE
***

          Address     Size
          -------     ----
Zero (__iar_zero_init3)
    1 destination range, total size 0x7:
          0x20000000   0x7



*******************************************************************************
*** MODULE SUMMARY
***

    Module              ro code  ro data  rw data
    ------              -------  -------  -------
C:\Lab4\Debug\Obj: [1]
    SSD2119_Display.o     2 204       32        6
    SSD2119_Touch.o         328
    lab4_task2a.o           132                 1
    lab4_task2a_Init.o      368
    ---------------------------------------------
    Total:                3 032       32        7

command line: [2]
    ---------------------------------------------
    Total:

dl7M_tln.a: [3]
    exit.o                    4
    low_level_init.o          4
    ---------------------------------------------
    Total:                    8

m7M_tls.a: [4]
    fpinit_M.o               34
    ---------------------------------------------
    Total:                   34

rt7M_tl.a: [5]
    cexit.o                  10
    cmain.o                  26
    cstartup_M.o             12
    data_init.o              40
    vector_table_M.o         66
    zero_init3.o             64
    ---------------------------------------------
    Total:                  218

shb_l.a: [6]
    exit.o                   20
    ---------------------------------------------
    Total:                   20

    Gaps                      4        4
    Linker created                    16   32 768
-------------------------------------------------
    Grand Total:          3 316       52   32 775


*******************************************************************************
*** ENTRY LIST
***

Entry                      Address   Size  Type      Object
-----                      -------   ----  ----      ------
.iar.init_table$$Base   0x00000ca4          --   Gb  - Linker created -
.iar.init_table$$Limit  0x00000cb4          --   Gb  - Linker created -
?main                   0x00000cd9         Code  Gb  cmain.o [5]
ADC_Init                0x00000abb   0x96  Code  Lc  SSD2119_Touch.o [1]
CSTACK$$Base            0x20000008          --   Gb  - Linker created -
CSTACK$$Limit           0x20008008          --   Gb  - Linker created -
Color4                  0x00000cb8   0x20  Data  Gb  SSD2119_Display.o [1]
LCD_DrawFilledCircle    0x000007c9  0x104  Code  Gb  SSD2119_Display.o [1]
LCD_DrawFilledRect      0x00000769   0x60  Code  Gb  SSD2119_Display.o [1]
LCD_DrawPixel           0x00000735   0x34  Code  Gb  SSD2119_Display.o [1]
LCD_GPIOInit            0x00000041  0x19c  Code  Lc  SSD2119_Display.o [1]
LCD_Init                0x000004d5  0x1a2  Code  Gb  SSD2119_Display.o [1]
LCD_SetCursor           0x00000697    0xe  Code  Gb  SSD2119_Display.o [1]
LCD_SetTextColor        0x000006a5   0x14  Code  Gb  SSD2119_Display.o [1]
LCD_WriteCommand        0x000001dd  0x15a  Code  Lc  SSD2119_Display.o [1]
LCD_WriteData           0x00000337  0x19e  Code  Lc  SSD2119_Display.o [1]
PLL_Init                0x000008dd  0x170  Code  Gb  lab4_task2a_Init.o [1]
Region$$Table$$Base     0x00000ca4          --   Gb  - Linker created -
Region$$Table$$Limit    0x00000cb4          --   Gb  - Linker created -
Touch_Init              0x00000a4d   0x6e  Code  Gb  SSD2119_Touch.o [1]
__cmain                 0x00000cd9         Code  Gb  cmain.o [5]
__exit                  0x00000d09   0x14  Code  Gb  exit.o [6]
__iar_data_init3        0x00000c59   0x28  Code  Gb  data_init.o [5]
__iar_init_vfp          0x00000c81         Code  Gb  fpinit_M.o [4]
__iar_program_start     0x00000d1d         Code  Gb  cstartup_M.o [5]
__iar_systems$$module {Abs}
                        0x00000001         Data  Gb  command line/config [2]
__iar_zero_init3        0x00000c19   0x40  Code  Gb  zero_init3.o [5]
__low_level_init        0x00000cf3    0x4  Code  Gb  low_level_init.o [3]
__vector_table          0x00000000         Data  Gb  vector_table_M.o [5]
_call_main              0x00000ce5         Code  Gb  cmain.o [5]
_exit                   0x00000cfd         Code  Gb  cexit.o [5]
_main                   0x00000cef         Code  Gb  cmain.o [5]
convertColor            0x00000677   0x20  Code  Gb  SSD2119_Display.o [1]
cursorX                 0x20000000    0x2  Data  Gb  SSD2119_Display.o [1]
cursorY                 0x20000002    0x2  Data  Gb  SSD2119_Display.o [1]
exit                    0x00000cf7    0x4  Code  Gb  exit.o [3]
freq                    0x20000006    0x1  Data  Gb  lab4_task2a.o [1]
main                    0x00000b95   0x84  Code  Gb  lab4_task2a.o [1]
textColor               0x20000004    0x2  Data  Gb  SSD2119_Display.o [1]


[1] = C:\Lab4\Debug\Obj
[2] = command line
[3] = dl7M_tln.a
[4] = m7M_tls.a
[5] = rt7M_tl.a
[6] = shb_l.a

   3 316 bytes of readonly  code memory
      52 bytes of readonly  data memory
  32 775 bytes of readwrite data memory

Errors: none
Warnings: none
