###############################################################################
#
# IAR ELF Linker V8.11.3.13950/W32 for ARM                03/Dec/2022  13:22:45
# Copyright 2007-2017 IAR Systems AB.
#
#    Output file  =  C:\Lab4\Debug\Exe\Lab4_task1c.out
#    Map file     =  C:\Lab4\Debug\List\Lab4_task1c.map
#    Command line =  
#        -f C:\Users\deseo\AppData\Local\Temp\EWE422.tmp
#        (C:\Lab4\Debug\Obj\cstartup_M.o C:\Lab4\Debug\Obj\lab4_task1c.o
#        C:\Lab4\Debug\Obj\Lab4_Task1c_Inits.o
#        C:\Lab4\Debug\Obj\SSD2119_Display.o C:\Lab4\Debug\Obj\SSD2119_Touch.o
#        -o C:\Lab4\Debug\Exe\Lab4_task1c.out --map
#        C:\Lab4\Debug\List\Lab4_task1c.map --config "C:\Program Files
#        (x86)\IAR Systems\Embedded Workbench
#        8.0\arm\CONFIG\generic_cortex.icf" --semihosting --entry
#        __iar_program_start --vfe --text_out locale)
#
###############################################################################

*******************************************************************************
*** MESSAGES
***

Warning[Lt049]: Potential floating point parameter passing conflict. The first
          module below references the second and they have been built with
          different settings.
            AAPCS, base variant: lab4_task1c.o
            AAPCS, VFP variant: SSD2119_Display.o


*******************************************************************************
*** RUNTIME MODEL ATTRIBUTES
***

CppFlavor       = *
__SystemLibrary = DLib
__dlib_version  = 6


*******************************************************************************
*** HEAP SELECTION
***

The basic heap was selected because some modules are built with
size limitations (and not runtime checking), and --advanced_heap
was not specified.


*******************************************************************************
*** PLACEMENT SUMMARY
***

"A0":  place at 0x00000000 { ro section .intvec };
"P1":  place in [from 0x00000000 to 0x0007ffff] { ro };
define block CSTACK with size = 1K, alignment = 8 { };
define block PROC_STACK with size = 0M, alignment = 8 { };
define block HEAP with size = 2K, alignment = 8 { };
"P3":  place in [from 0x00000000 to 0x00000000] |
                [from 0x20000000 to 0x2000ffff] {
          rw, block CSTACK, block PROC_STACK, block HEAP };
initialize by copy { rw };

  Section            Kind        Address    Size  Object
  -------            ----        -------    ----  ------
"A0":                                      0x208
  .intvec            const    0x00000000   0x208  cstartup_M.o [1]
                            - 0x00000208   0x208

"P1":                                     0x2db0
  .text              ro code  0x00000208   0xc22  xprintflarge_nomb.o [3]
  .text              ro code  0x00000e2a     0x2  cstartup_M.o [1]
  .text              ro code  0x00000e2c    0x16  strchr.o [5]
  .text              ro code  0x00000e42     0x2  cstartup_M.o [1]
  .text              ro code  0x00000e44    0x44  xfail_s.o [3]
  .text              ro code  0x00000e88    0x36  strlen.o [5]
  .text              ro code  0x00000ebe     0x2  cstartup_M.o [1]
  .text              ro code  0x00000ec0    0x58  memchr.o [5]
  .text              ro code  0x00000f18    0xee  I64DivMod.o [5]
  .text              ro code  0x00001006     0x2  cstartup_M.o [1]
  .text              ro code  0x00001008   0x1a2  DblMul.o [4]
  .text              ro code  0x000011aa     0x2  cstartup_M.o [1]
  .text              ro code  0x000011ac    0x76  ABImemcpy_unaligned.o [5]
  .text              ro code  0x00001222     0x2  cstartup_M.o [1]
  .text              ro code  0x00001224    0x70  frexp.o [4]
  .text              ro code  0x00001294    0x2e  DblCmpLe.o [4]
  .text              ro code  0x000012c2     0x2  cstartup_M.o [1]
  .text              ro code  0x000012c4   0x246  DblDiv.o [4]
  .text              ro code  0x0000150a     0x2  cstartup_M.o [1]
  .text              ro code  0x0000150c    0x28  DblToU32.o [4]
  .text              ro code  0x00001534    0x1a  U32ToDbl.o [4]
  .text              ro code  0x0000154e     0x2  cstartup_M.o [1]
  .text              ro code  0x00001550    0xe2  DblSub.o [4]
  .text              ro code  0x00001632     0x6  abort.o [3]
  .text              ro code  0x00001638     0x2  I64DivZer.o [5]
  .text              ro code  0x0000163c   0x178  DblAdd.o [4]
  .text              ro code  0x000017b4    0x14  exit.o [6]
  .text              ro code  0x000017c8    0x68  iarttio.o [6]
  .text              ro code  0x00001830     0x8  XShttio.o [3]
  .text              ro code  0x00001838   0xb84  SSD2119_Display.o [1]
  .text              ro code  0x000023bc   0x424  Lab4_Task1c_Inits.o [1]
  .rodata            const    0x000027e0   0x1e0  SSD2119_Display.o [1]
  .text              ro code  0x000029c0   0x1bc  lab4_task1c.o [1]
  .text              ro code  0x00002b7c   0x148  SSD2119_Touch.o [1]
  .text              ro code  0x00002cc4    0x68  DblToFlt.o [4]
  .text              ro code  0x00002d2c    0x48  FltToDbl.o [4]
  .text              ro code  0x00002d74    0x28  printf.o [3]
  .text              ro code  0x00002d9c    0x2c  copy_init3.o [5]
  .text              ro code  0x00002dc8    0x28  data_init.o [5]
  .text              ro code  0x00002df0    0x22  fpinit_M.o [4]
  .text              ro code  0x00002e12    0x22  iarwrite.o [6]
  .iar.init_table    const    0x00002e34    0x14  - Linker created -
  .rodata            const    0x00002e48    0x20  lab4_task1c.o [1]
  .text              ro code  0x00002e68    0x20  putchar.o [3]
  .text              ro code  0x00002e88    0x10  write.o [6]
  .text              ro code  0x00002e98    0x1e  dwrite.o [6]
  .text              ro code  0x00002eb6    0x20  iarwstd.o [6]
  .rodata            const    0x00002ed8    0x1c  lab4_task1c.o [1]
  .text              ro code  0x00002ef4    0x1a  cmain.o [5]
  .text              ro code  0x00002f0e     0x4  low_level_init.o [3]
  .text              ro code  0x00002f12     0x4  exit.o [3]
  .text              ro code  0x00002f18     0xa  cexit.o [5]
  .text              ro code  0x00002f22    0x16  xprout.o [3]
  .rodata            const    0x00002f38    0x14  lab4_task1c.o [1]
  .rodata            const    0x00002f4c    0x14  lab4_task1c.o [1]
  .text              ro code  0x00002f60    0x10  cstartup_M.o [1]
  .rodata            const    0x00002f70     0xc  lab4_task1c.o [1]
  .rodata            const    0x00002f7c     0x8  lab4_task1c.o [1]
  .rodata            const    0x00002f84     0x8  lab4_task1c.o [1]
  .rodata            const    0x00002f8c     0x8  SSD2119_Display.o [1]
  .rodata            const    0x00002f94     0x0  copy_init3.o [5]
  Initializer bytes  const    0x00002f94    0x24  <for P3 s0>
                            - 0x00002fb8  0x2db0

"P3", part 1 of 2:                          0x24
  P3 s0                       0x20000000    0x24  <Init block>
    .data            inited   0x20000000     0x8  XShttio.o [3]
    .bss             inited   0x20000008     0x4  lab4_task1c.o [1]
    .bss             inited   0x2000000c     0x4  lab4_task1c.o [1]
    .bss             inited   0x20000010     0x4  lab4_task1c.o [1]
    .bss             inited   0x20000014     0x4  xfail_s.o [3]
    .bss             inited   0x20000018     0x2  Lab4_Task1c_Inits.o [1]
    .bss             inited   0x2000001a     0x2  SSD2119_Display.o [1]
    .bss             inited   0x2000001c     0x2  SSD2119_Display.o [1]
    .bss             inited   0x2000001e     0x2  SSD2119_Display.o [1]
    .bss             inited   0x20000020     0x1  lab4_task1c.o [1]
                            - 0x20000024    0x24

"P3", part 2 of 2:                         0x400
  CSTACK                      0x20000028   0x400  <Block>
    CSTACK           uninit   0x20000028   0x400  <Block tail>
                            - 0x20000428   0x400


*******************************************************************************
*** INIT TABLE
***

          Address     Size
          -------     ----
Copy (__iar_copy_init3)
    1 source range, total size 0x24 (109% of destination):
          0x00002f94  0x24
    1 destination range, total size 0x21:
          0x20000000  0x21



*******************************************************************************
*** MODULE SUMMARY
***

    Module                 ro code  ro data  rw data
    ------                 -------  -------  -------
C:\Lab4\Debug\Obj: [1]
    Lab4_Task1c_Inits.o      1 060        2        2
    SSD2119_Display.o        2 948      494        6
    SSD2119_Touch.o            328
    cstartup_M.o                34      520
    lab4_task1c.o              444      141       13
    ------------------------------------------------
    Total:                   4 814    1 157       21

command line: [2]
    ------------------------------------------------
    Total:

dl7M_tln.a: [3]
    XShttio.o                    8        8        8
    abort.o                      6
    exit.o                       4
    low_level_init.o             4
    printf.o                    40
    putchar.o                   32
    xfail_s.o                   68        4        4
    xprintflarge_nomb.o      3 106
    xprout.o                    22
    ------------------------------------------------
    Total:                   3 290       12       12

m7M_tls.a: [4]
    DblAdd.o                   376
    DblCmpLe.o                  46
    DblDiv.o                   582
    DblMul.o                   418
    DblSub.o                   226
    DblToFlt.o                 104
    DblToU32.o                  40
    FltToDbl.o                  72
    U32ToDbl.o                  26
    fpinit_M.o                  34
    frexp.o                    112
    ------------------------------------------------
    Total:                   2 036

rt7M_tl.a: [5]
    ABImemcpy_unaligned.o      118
    I64DivMod.o                238
    I64DivZer.o                  2
    cexit.o                     10
    cmain.o                     26
    copy_init3.o                44
    data_init.o                 40
    memchr.o                    88
    strchr.o                    22
    strlen.o                    54
    ------------------------------------------------
    Total:                     642

shb_l.a: [6]
    dwrite.o                    30
    exit.o                      20
    iarttio.o                  104
    iarwrite.o                  34
    iarwstd.o                   32
    write.o                     16
    ------------------------------------------------
    Total:                     236

    Gaps                         4        2
    Linker created                       23    1 024
----------------------------------------------------
    Grand Total:            11 022    1 194    1 057


*******************************************************************************
*** ENTRY LIST
***

Entry                      Address   Size  Type      Object
-----                      -------   ----  ----      ------
.iar.init_table$$Base   0x00002e34          --   Gb  - Linker created -
.iar.init_table$$Limit  0x00002e48          --   Gb  - Linker created -
?main                   0x00002ef5         Code  Gb  cmain.o [5]
ADC0SS3_Handler         0x00002a99   0x10  Code  Gb  lab4_task1c.o [1]
ADCReadPot_Init         0x000025bb  0x118  Code  Gb  Lab4_Task1c_Inits.o [1]
ADC_Init                0x00002beb   0x96  Code  Lc  SSD2119_Touch.o [1]
ADC_value               0x20000008    0x4  Data  Gb  lab4_task1c.o [1]
ASCII                   0x000027e0  0x1e0  Data  Lc  SSD2119_Display.o [1]
CSTACK$$Base            0x20000028          --   Gb  - Linker created -
CSTACK$$Limit           0x20000428          --   Gb  - Linker created -
LCD_DrawPixel           0x00002371   0x34  Code  Gb  SSD2119_Display.o [1]
LCD_GPIOInit            0x00001839  0x19c  Code  Lc  SSD2119_Display.o [1]
LCD_Goto                0x00001f89   0x2a  Code  Gb  SSD2119_Display.o [1]
LCD_Init                0x00001ccd  0x1a2  Code  Gb  SSD2119_Display.o [1]
LCD_PrintBinary         0x00002165   0x8c  Code  Gb  SSD2119_Display.o [1]
LCD_PrintChar           0x00001e8f   0xd0  Code  Gb  SSD2119_Display.o [1]
LCD_PrintFloat          0x000021f1   0xee  Code  Gb  SSD2119_Display.o [1]
LCD_PrintHex            0x000020f5   0x70  Code  Gb  SSD2119_Display.o [1]
LCD_PrintInteger        0x00002095   0x60  Code  Gb  SSD2119_Display.o [1]
LCD_PrintString         0x00001f5f   0x1c  Code  Gb  SSD2119_Display.o [1]
LCD_Printf              0x00001fc7   0xce  Code  Gb  SSD2119_Display.o [1]
LCD_SetCursor           0x00001f7b    0xe  Code  Gb  SSD2119_Display.o [1]
LCD_SetTextColor        0x00001fb3   0x14  Code  Gb  SSD2119_Display.o [1]
LCD_WriteCommand        0x000019d5  0x15a  Code  Lc  SSD2119_Display.o [1]
LCD_WriteData           0x00001b2f  0x19e  Code  Lc  SSD2119_Display.o [1]
LoadInt                 0x0000039f   0x7a  Code  Lc  xprintflarge_nomb.o [3]
PLL_Init                0x000023bd  0x17a  Code  Gb  Lab4_Task1c_Inits.o [1]
PortJ_Handler           0x00002aa9   0x78  Code  Gb  lab4_task1c.o [1]
Region$$Table$$Base     0x00002e34          --   Gb  - Linker created -
Region$$Table$$Limit    0x00002e48          --   Gb  - Linker created -
Switch_Init             0x00002537   0x84  Code  Gb  Lab4_Task1c_Inits.o [1]
TimerADCTriger_Init     0x000026d3   0x62  Code  Gb  Lab4_Task1c_Inits.o [1]
Touch_Init              0x00002b7d   0x6e  Code  Gb  SSD2119_Touch.o [1]
_GenldLargeNoMb         0x00000b65  0x232  Code  Lc  xprintflarge_nomb.o [3]
_LdtobLargeNoMb         0x000008df  0x260  Code  Lc  xprintflarge_nomb.o [3]
_LitobLargeNoMb         0x00000783  0x116  Code  Lc  xprintflarge_nomb.o [3]
_PrintfLargeNoMb        0x00000209  0x190  Code  Gb  xprintflarge_nomb.o [3]
_Prout                  0x00002f23   0x16  Code  Gb  xprout.o [3]
_PutcharsLargeNoMb      0x00000d97   0x2e  Code  Lc  xprintflarge_nomb.o [3]
_PutfldLargeNoMb        0x00000419  0x25c  Code  Lc  xprintflarge_nomb.o [3]
_PuttxtLargeNoMb        0x00000675  0x10e  Code  Lc  xprintflarge_nomb.o [3]
__aeabi_cdcmple         0x00001295         Code  Gb  DblCmpLe.o [4]
__aeabi_d2f             0x00002cc5         Code  Gb  DblToFlt.o [4]
__aeabi_d2uiz           0x0000150d         Code  Gb  DblToU32.o [4]
__aeabi_dadd            0x0000163d         Code  Gb  DblAdd.o [4]
__aeabi_ddiv            0x000012c5         Code  Gb  DblDiv.o [4]
__aeabi_dmul            0x00001009         Code  Gb  DblMul.o [4]
__aeabi_dsub            0x00001551         Code  Gb  DblSub.o [4]
__aeabi_f2d             0x00002d2d         Code  Gb  FltToDbl.o [4]
__aeabi_ldiv0           0x00001639         Code  Gb  I64DivZer.o [5]
__aeabi_ui2d            0x00001535         Code  Gb  U32ToDbl.o [4]
__aeabi_uldivmod        0x00000f19         Code  Gb  I64DivMod.o [5]
__cmain                 0x00002ef5         Code  Gb  cmain.o [5]
__dwrite                0x00002e99   0x1e  Code  Gb  dwrite.o [6]
__exit                  0x000017b5   0x14  Code  Gb  exit.o [6]
__iar_Fail_s            0x00000e45   0x1e  Code  Gb  xfail_s.o [3]
__iar_Memchr            0x00000ec1         Code  Gb  memchr.o [5]
__iar_Strchr            0x00000e2d         Code  Gb  strchr.o [5]
__iar_close_ttio        0x000017c9   0x2c  Code  Gb  iarttio.o [6]
__iar_copy_init3        0x00002d9d   0x2c  Code  Gb  copy_init3.o [5]
__iar_dadd              0x00001561         Code  Gb  DblSub.o [4]
__iar_data_init3        0x00002dc9   0x28  Code  Gb  data_init.o [5]
__iar_dsub              0x0000164d         Code  Gb  DblAdd.o [4]
__iar_dsubStart         0x0000165f         Code  Gb  DblAdd.o [4]
__iar_frexp             0x00001231         Code  Gb  frexp.o [4]
__iar_frexpl            0x00001231         Code  Gb  frexp.o [4]
__iar_get_ttio          0x000017f5   0x38  Code  Gb  iarttio.o [6]
__iar_init_vfp          0x00002df1         Code  Gb  fpinit_M.o [4]
__iar_lookup_ttioh      0x00001831    0x8  Code  Gb  XShttio.o [3]
__iar_program_start     0x00002f61   0x10  Code  Gb  cstartup_M.o [1]
__iar_sh_stdout         0x00002eb7   0x20  Code  Gb  iarwstd.o [6]
__iar_sh_write          0x00002e13   0x22  Code  Gb  iarwrite.o [6]
__iar_softfp___iar_frexp64
                        0x00001225         Code  Gb  frexp.o [4]
__iar_softfp_frexp      0x00001225         Code  Gb  frexp.o [4]
__iar_softfp_frexpl     0x00001225         Code  Gb  frexp.o [4]
__iar_systems$$module {Abs}
                        0x00000001         Data  Gb  command line/config [2]
__iar_ttio_handles      0x20000000    0x8  Data  Lc  XShttio.o [3]
__iar_unaligned_memcpy  0x000011ad         Code  Gb  ABImemcpy_unaligned.o [5]
__iar_unaligned_memcpy4
                        0x000011cd         Code  Gb  ABImemcpy_unaligned.o [5]
__iar_unaligned_memcpy8
                        0x000011cd         Code  Gb  ABImemcpy_unaligned.o [5]
__low_level_init        0x00002f0f    0x4  Code  Gb  low_level_init.o [3]
__vector_table          0x00000000  0x208  Data  Gb  cstartup_M.o [1]
__write                 0x00002e89   0x10  Code  Gb  write.o [6]
_call_main              0x00002f01         Code  Gb  cmain.o [5]
_exit                   0x00002f19         Code  Gb  cexit.o [5]
_main                   0x00002f0b         Code  Gb  cmain.o [5]
abort                   0x00001633    0x6  Code  Gb  abort.o [3]
convertColor            0x00001e6f   0x20  Code  Gb  SSD2119_Display.o [1]
cursorX                 0x2000001a    0x2  Data  Gb  SSD2119_Display.o [1]
cursorY                 0x2000001c    0x2  Data  Gb  SSD2119_Display.o [1]
delay                   0x20000018    0x2  Data  Lc  Lab4_Task1c_Inits.o [1]
exit                    0x00002f13    0x4  Code  Gb  exit.o [3]
freq                    0x20000020    0x1  Data  Gb  lab4_task1c.o [1]
main                    0x000029c1   0xd8  Code  Gb  lab4_task1c.o [1]
memchr                  0x00000ec1         Code  Gb  memchr.o [5]
printf                  0x00002d75   0x28  Code  Gb  printf.o [3]
putchar                 0x00002e69   0x20  Code  Gb  putchar.o [3]
scale                   0x00000899   0x46  Code  Lc  xprintflarge_nomb.o [3]
sec_hand                0x20000014    0x4  Data  Lc  xfail_s.o [3]
strchr                  0x00000e2d         Code  Gb  strchr.o [5]
strlen                  0x00000e89         Code  Gb  strlen.o [5]
temp_C                  0x2000000c    0x4  Data  Gb  lab4_task1c.o [1]
temp_F                  0x20000010    0x4  Data  Gb  lab4_task1c.o [1]
textColor               0x2000001e    0x2  Data  Gb  SSD2119_Display.o [1]


[1] = C:\Lab4\Debug\Obj
[2] = command line
[3] = dl7M_tln.a
[4] = m7M_tls.a
[5] = rt7M_tl.a
[6] = shb_l.a

  11 022 bytes of readonly  code memory
   1 194 bytes of readonly  data memory
   1 057 bytes of readwrite data memory

Errors: none
Warnings: 1
